name	score	
Yang	94	
James	95	
Micheal	98	

name	score	
Yang	72	
James	90	
Micheal	88

name	score	
Yang	6768	
James	8550	
Micheal	8624	

