Hello World!
Hello Edwards!
Hello Stephen!
Hello Stephen!
Hello Stephen!
Hello Edwards!
Hello Stephen!
Hello Stephen!
Hello Stephen!
Hello World!
Hello Edwards!
Hello Stephen!
Hello Stephen!
Hello Stephen!
Hello Edwards!
Hello Stephen!
Hello Stephen!
Hello Stephen!
Hello World!
Hello Edwards!
Hello Stephen!
Hello Stephen!
Hello Stephen!
Hello Edwards!
Hello Stephen!
Hello Stephen!
Hello Stephen!
Hello World!
Hello Edwards!
Hello Stephen!
Hello Stephen!
Hello Stephen!
Hello Edwards!
Hello Stephen!
Hello Stephen!
Hello Stephen!
