height	name	gender	weight	;
178.0	tom	male	68	;
195.0	jacky	male	81	;
175.0	jay	male	77	;
60.0	janice	female	48	;
174.0	sammy	female	69	;