height	name	gender	weight	;
178	tom	male	68	;
195	jacky	male	81	;
175	jay	male	77	;
60	janice	female	48	;
174	sammy	female	69	;

height	name	gender	weight	;
178	tom	male	68	;
195	jacky	male	81	;
175	jay	male	77	;
60	janice	female	48	;
174	sammy	female	69	;

