age	name	GPA	
22	Yang	3.50	
23	James	3.88	
24	Min Woo	3.80	

age	name	GPA	
22	Micheal	3.66	
21	Jotaku	3.60	

age	name	GPA	
22	Yang	3.50	
23	James	3.88	
24	Min Woo	3.80	
22	Micheal	3.66	
21	Jotaku	3.60	

