alphabet	
a	
b	
c	
d	
e	

alphabet	
a	
b	
c	
d	
e	

5
