age	name	GPA
22	Yang	3.50
23	James	3.88
24	Min Woo	3.80

3
3
