name	score	
Yang	94	
James	95	
Micheal	98	

name	score	
Yang	72	
James	90	
Micheal	88

name	score	
Yang	1	
James	1	
Micheal	1	

