name	score	
Yang	94.1	
James	95.2	
Micheal	98.3	

name	score	
Yang	72	
James	90	
Micheal	88

name	score	
Yang	166	
James	185	
Micheal	186	

