age	name	GPA	
22	Yang	3.5	
23	James	3.88	
24	Min Woo	3.8	

3
3
