field:
num	
1	
3	
2	
7	
6	

min:
1
max:
7
mean:
3.8
