eng	num	
a	1	
b	2	
c	3	
d	4	
e	5	

rev	acc	
z	1.1	
y	2.2	
x	3.3	
w	4.4	
v	5.5	

eng	num	rev	acc	
a	1	z	1.1	
b	2	y	2.2	
c	3	x	3.3	
d	4	w	4.4	
e	5	v	5.5	

